Copyright 1986-2022 Xilinx, Inc. All Rights Reserved. Copyright 2022-2023 Advanced Micro Devices, Inc. All Rights Reserved.
---------------------------------------------------------------------------------------------------------------------------------------------
| Tool Version : Vivado v.2023.2 (lin64) Build 4029153 Fri Oct 13 20:13:54 MDT 2023
| Date         : Mon Sep 28 23:59:25 2026
| Host         : yijie running 64-bit Ubuntu 24.04.5 LTS
| Command      : report_utilization -file /home/yijie/fpga/rfsoc_qsfp_offload/boards/RFSoC4x2/qsfp_udp_echo/build/utilization.rpt
| Design       : echo_top
| Device       : xczu48dr-ffvg1517-2-e
| Speed File   : -2
| Design State : Physopt postRoute
---------------------------------------------------------------------------------------------------------------------------------------------

Utilization Design Information

Table of Contents
-----------------
1. CLB Logic
1.1 Summary of Registers by Type
2. CLB Logic Distribution
3. BLOCKRAM
4. ARITHMETIC
5. I/O
6. CLOCK
7. ADVANCED
8. CONFIGURATION
9. Primitives
10. Black Boxes
11. Instantiated Netlists

1. CLB Logic
------------

+----------------------------+-------+-------+------------+-----------+-------+
|          Site Type         |  Used | Fixed | Prohibited | Available | Util% |
+----------------------------+-------+-------+------------+-----------+-------+
| CLB LUTs                   | 23445 |     0 |          0 |    425280 |  5.51 |
|   LUT as Logic             | 20689 |     0 |          0 |    425280 |  4.86 |
|   LUT as Memory            |  2756 |     0 |          0 |    213600 |  1.29 |
|     LUT as Distributed RAM |  1912 |     0 |            |           |       |
|     LUT as Shift Register  |   844 |     0 |            |           |       |
| CLB Registers              | 54987 |     0 |          0 |    850560 |  6.46 |
|   Register as Flip Flop    | 54987 |     0 |          0 |    850560 |  6.46 |
|   Register as Latch        |     0 |     0 |          0 |    850560 |  0.00 |
| CARRY8                     |   703 |     0 |          0 |     53160 |  1.32 |
| F7 Muxes                   |   591 |     0 |          0 |    212640 |  0.28 |
| F8 Muxes                   |   269 |     0 |          0 |    106320 |  0.25 |
| F9 Muxes                   |     0 |     0 |          0 |     53160 |  0.00 |
+----------------------------+-------+-------+------------+-----------+-------+
* Warning! LUT value is adjusted to account for LUT combining.


1.1 Summary of Registers by Type
--------------------------------

+-------+--------------+-------------+--------------+
| Total | Clock Enable | Synchronous | Asynchronous |
+-------+--------------+-------------+--------------+
| 0     |            _ |           - |            - |
| 0     |            _ |           - |          Set |
| 0     |            _ |           - |        Reset |
| 0     |            _ |         Set |            - |
| 0     |            _ |       Reset |            - |
| 0     |          Yes |           - |            - |
| 89    |          Yes |           - |          Set |
| 333   |          Yes |           - |        Reset |
| 730   |          Yes |         Set |            - |
| 53835 |          Yes |       Reset |            - |
+-------+--------------+-------------+--------------+


2. CLB Logic Distribution
-------------------------

+--------------------------------------------+-------+-------+------------+-----------+-------+
|                  Site Type                 |  Used | Fixed | Prohibited | Available | Util% |
+--------------------------------------------+-------+-------+------------+-----------+-------+
| CLB                                        |  6204 |     0 |          0 |     53160 | 11.67 |
|   CLBL                                     |  3257 |     0 |            |           |       |
|   CLBM                                     |  2947 |     0 |            |           |       |
| LUT as Logic                               | 20689 |     0 |          0 |    425280 |  4.86 |
|   using O5 output only                     |   216 |       |            |           |       |
|   using O6 output only                     | 13602 |       |            |           |       |
|   using O5 and O6                          |  6871 |       |            |           |       |
| LUT as Memory                              |  2756 |     0 |          0 |    213600 |  1.29 |
|   LUT as Distributed RAM                   |  1912 |     0 |            |           |       |
|     using O5 output only                   |     0 |       |            |           |       |
|     using O6 output only                   |   114 |       |            |           |       |
|     using O5 and O6                        |  1798 |       |            |           |       |
|   LUT as Shift Register                    |   844 |     0 |            |           |       |
|     using O5 output only                   |     0 |       |            |           |       |
|     using O6 output only                   |    28 |       |            |           |       |
|     using O5 and O6                        |   816 |       |            |           |       |
| CLB Registers                              | 54987 |     0 |          0 |    850560 |  6.46 |
|   Register driven from within the CLB      | 20647 |       |            |           |       |
|   Register driven from outside the CLB     | 34340 |       |            |           |       |
|     LUT in front of the register is unused | 21581 |       |            |           |       |
|     LUT in front of the register is used   | 12759 |       |            |           |       |
| Unique Control Sets                        |   795 |       |          0 |    106320 |  0.75 |
+--------------------------------------------+-------+-------+------------+-----------+-------+
* * Note: Available Control Sets calculated as Slices * 2, Review the Control Sets Report for more information regarding control sets.


3. BLOCKRAM
-----------

+-------------------+------+-------+------------+-----------+-------+
|     Site Type     | Used | Fixed | Prohibited | Available | Util% |
+-------------------+------+-------+------------+-----------+-------+
| Block RAM Tile    |   29 |     0 |          0 |      1080 |  2.69 |
|   RAMB36/FIFO*    |   27 |     0 |          0 |      1080 |  2.50 |
|     RAMB36E2 only |   27 |       |            |           |       |
|   RAMB18          |    4 |     0 |          0 |      2160 |  0.19 |
|     RAMB18E2 only |    4 |       |            |           |       |
| URAM              |   18 |     0 |          0 |        80 | 22.50 |
+-------------------+------+-------+------------+-----------+-------+
* Note: Each Block RAM Tile only has one FIFO logic available and therefore can accommodate only one FIFO36E2 or one FIFO18E2. However, if a FIFO18E2 occupies a Block RAM Tile, that tile can still accommodate a RAMB18E2


4. ARITHMETIC
-------------

+-----------+------+-------+------------+-----------+-------+
| Site Type | Used | Fixed | Prohibited | Available | Util% |
+-----------+------+-------+------------+-----------+-------+
| DSPs      |    0 |     0 |          0 |      4272 |  0.00 |
+-----------+------+-------+------------+-----------+-------+


5. I/O
------

+------------------+------+-------+------------+-----------+-------+
|     Site Type    | Used | Fixed | Prohibited | Available | Util% |
+------------------+------+-------+------------+-----------+-------+
| Bonded IOB       |    6 |     6 |          0 |       347 |  1.73 |
| HPIOB_M          |    3 |     3 |          0 |       138 |  2.17 |
|   INPUT          |    1 |       |            |           |       |
|   OUTPUT         |    2 |       |            |           |       |
|   BIDIR          |    0 |       |            |           |       |
| HPIOB_S          |    2 |     2 |          0 |       138 |  1.45 |
|   INPUT          |    2 |       |            |           |       |
|   OUTPUT         |    0 |       |            |           |       |
|   BIDIR          |    0 |       |            |           |       |
| HDIOB_M          |    0 |     0 |          0 |        24 |  0.00 |
| HDIOB_S          |    0 |     0 |          0 |        24 |  0.00 |
| HPIOB_SNGL       |    1 |     1 |          0 |        23 |  4.35 |
|   INPUT          |    0 |       |            |           |       |
|   OUTPUT         |    1 |       |            |           |       |
|   BIDIR          |    0 |       |            |           |       |
| HPIOBDIFFINBUF   |    1 |     1 |          0 |       192 |  0.52 |
|   DIFFINBUF      |    1 |     1 |            |           |       |
| HPIOBDIFFOUTBUF  |    0 |     0 |          0 |       192 |  0.00 |
| HDIOBDIFFINBUF   |    0 |     0 |          0 |        72 |  0.00 |
| BITSLICE_CONTROL |    0 |     0 |          0 |        64 |  0.00 |
| BITSLICE_RX_TX   |    0 |     0 |          0 |      2496 |  0.00 |
| BITSLICE_TX      |    0 |     0 |          0 |        64 |  0.00 |
| RIU_OR           |    0 |     0 |          0 |        32 |  0.00 |
| RF_ADC           |    0 |     0 |          4 |         4 |  0.00 |
| RF_DAC           |    0 |     0 |          4 |         4 |  0.00 |
+------------------+------+-------+------------+-----------+-------+


6. CLOCK
--------

+----------------------+------+-------+------------+-----------+-------+
|       Site Type      | Used | Fixed | Prohibited | Available | Util% |
+----------------------+------+-------+------------+-----------+-------+
| GLOBAL CLOCK BUFFERs |    4 |     0 |          0 |       696 |  0.57 |
|   BUFGCE             |    2 |     0 |          0 |       216 |  0.93 |
|   BUFGCE_DIV         |    0 |     0 |          0 |        32 |  0.00 |
|   BUFG_GT            |    2 |     0 |          0 |       312 |  0.64 |
|   BUFG_PS            |    0 |     0 |          0 |        72 |  0.00 |
|   BUFGCTRL*          |    0 |     0 |          0 |        64 |  0.00 |
| PLL                  |    0 |     0 |          0 |        16 |  0.00 |
| MMCM                 |    1 |     0 |          0 |         8 | 12.50 |
+----------------------+------+-------+------------+-----------+-------+
* Note: Each used BUFGCTRL counts as two GLOBAL CLOCK BUFFERs. This table does not include global clocking resources, only buffer cell usage. See the Clock Utilization Report (report_clock_utilization) for detailed accounting of global clocking resource availability.


7. ADVANCED
-----------

+-----------------+------+-------+------------+-----------+-------+
|    Site Type    | Used | Fixed | Prohibited | Available | Util% |
+-----------------+------+-------+------------+-----------+-------+
| CMACE4          |    1 |     1 |          0 |         2 | 50.00 |
| FE              |    0 |     0 |          0 |         8 |  0.00 |
| GTYE4_CHANNEL   |    4 |     4 |          0 |        16 | 25.00 |
| GTYE4_COMMON    |    1 |     0 |          0 |         4 | 25.00 |
| ILKNE4          |    0 |     0 |          0 |         1 |  0.00 |
| OBUFDS_GTE4     |    0 |     0 |          0 |         8 |  0.00 |
| OBUFDS_GTE4_ADV |    0 |     0 |          0 |         8 |  0.00 |
| PCIE4CE4        |    0 |     0 |          0 |         2 |  0.00 |
| PS8             |    0 |     0 |          0 |         1 |  0.00 |
| RFADC           |    0 |     0 |          0 |         4 |  0.00 |
| RFDAC           |    0 |     0 |          0 |         4 |  0.00 |
| SYSMONE4        |    0 |     0 |          0 |         1 |  0.00 |
+-----------------+------+-------+------------+-----------+-------+


8. CONFIGURATION
----------------

+-------------+------+-------+------------+-----------+-------+
|  Site Type  | Used | Fixed | Prohibited | Available | Util% |
+-------------+------+-------+------------+-----------+-------+
| BSCANE2     |    1 |     0 |          0 |         4 | 25.00 |
| DNA_PORTE2  |    0 |     0 |          0 |         1 |  0.00 |
| EFUSE_USR   |    0 |     0 |          0 |         1 |  0.00 |
| FRAME_ECCE4 |    0 |     0 |          0 |         1 |  0.00 |
| ICAPE3      |    0 |     0 |          0 |         2 |  0.00 |
| MASTER_JTAG |    0 |     0 |          0 |         1 |  0.00 |
| STARTUPE3   |    0 |     0 |          0 |         1 |  0.00 |
+-------------+------+-------+------------+-----------+-------+


9. Primitives
-------------

+---------------+-------+---------------------+
|    Ref Name   |  Used | Functional Category |
+---------------+-------+---------------------+
| FDRE          | 53835 |            Register |
| LUT3          | 11129 |                 CLB |
| LUT4          |  6958 |                 CLB |
| LUT6          |  5164 |                 CLB |
| RAMD32        |  3146 |                 CLB |
| LUT5          |  2603 |                 CLB |
| SRL16E        |  1660 |                 CLB |
| LUT2          |  1258 |                 CLB |
| FDSE          |   730 |            Register |
| CARRY8        |   703 |                 CLB |
| MUXF7         |   591 |                 CLB |
| RAMS32        |   452 |                 CLB |
| LUT1          |   448 |                 CLB |
| FDCE          |   333 |            Register |
| MUXF8         |   269 |                 CLB |
| RAMD64E       |   112 |                 CLB |
| FDPE          |    89 |            Register |
| RAMB36E2      |    27 |            BLOCKRAM |
| URAM288       |    18 |            BLOCKRAM |
| RAMB18E2      |     4 |            BLOCKRAM |
| GTYE4_CHANNEL |     4 |            Advanced |
| OBUF          |     3 |                 I/O |
| IBUFCTRL      |     2 |              Others |
| BUFG_GT_SYNC  |     2 |               Clock |
| BUFG_GT       |     2 |               Clock |
| BUFGCE        |     2 |               Clock |
| MMCME4_ADV    |     1 |               Clock |
| INBUF         |     1 |                 I/O |
| IBUFDS_GTE4   |     1 |                 I/O |
| GTYE4_COMMON  |     1 |            Advanced |
| DIFFINBUF     |     1 |                 I/O |
| CMACE4        |     1 |            Advanced |
| BSCANE2       |     1 |       Configuration |
+---------------+-------+---------------------+


10. Black Boxes
---------------

+----------+------+
| Ref Name | Used |
+----------+------+


11. Instantiated Netlists
-------------------------

+----------------+------+
|    Ref Name    | Used |
+----------------+------+
| vio_0          |    1 |
| networklayer_0 |    1 |
| dbg_hub        |    1 |
| cmac_usplus_0  |    1 |
+----------------+------+


